[19:51:57] === native HeatX sweep [best]: 6 sizes x 5 passes = 30 runs
[19:51:57]     dylib: <scratch>/PicoGKRuntime-u5/Dist/picogk.26.2.0.dylib
[19:51:57]     alloc: mimalloc (/opt/homebrew/opt/mimalloc/lib/libmimalloc.dylib)
[19:51:57]     out:  <repo>/bench/native-heatx/../results/native/native-heatx-best-2026-08-09.jsonl
[19:51:57]     host: Apple M2 Pro / 12 cores / 32 GiB
[19:51:57]     power:  lowpowermode         0
[19:51:57]     dotnet 9.0.117 · PicoGK 389d4d9 Update Extensions.cs · runtime PicoGK-v2.2.0
[19:51:58] pass 1/5  voxel 1.0mm  (host 24.1% busy)
      0s    0.0+ Opened <tmp>//picogk-native-heatx-sweep/PicoGK.log
      0s    0.0+ 
      0s    0.0+ ----------------------------------------
      0s    0.0+ 
      0s    0.0+ Current time (UTC): 2026-08-09 07:51:59 (UTC)
      0s    0.0+ Current local time: 2026-08-09 19:51:59 (+12:00)
      0s    0.0+ 
      0s    0.0+ ----------------------------------------
      0s    0.0+ 
      0s    0.0+ System Info:
      0s    0.0+ 
      0s    0.0+ Machine Name:         root
      0s    0.0+ Operating System      Darwin 25.5.0 Darwin Kernel Version 25.5.0: Tue Jun  9 22:28:24 PDT 2026; root:xnu-12377.121.10~1/RELEASE_ARM64_T6020
      0s    0.0+ Version:              Unix 26.5.2
      0s    0.0+ OS Architecture:      Arm64
      0s    0.0+ Proc Architecture:    Arm64
      0s    0.0+ 64 Bit OS:            Yes
      0s    0.0+ 64 Bit Process:       Yes
      0s    0.0+ Processor Count:      12
      0s    0.0+ Working Set:          44MB
      0s    0.0+ C# Framework:         .NET 9.0.16
      0s    0.0+ C# CLR Version:       9.0.16
      0s    0.0+ PicoGK Path:          picogk.26.2
      0s    0.0+ Command Line:         <repo>/bench/native-heatx/bin/Release/net9.0/NativeHeatX.dll --voxel 1.0 --run 1 --out <repo>/bench/native-heatx/../results/native/native-heatx-best-2026-08-09.jsonl --work <tmp>//picogk-native-heatx-sweep
      0s    0.0+ 
      0s    0.0+ ----------------------------------------
      0s    0.0+ 
      0s    0.1+ PicoGK:    PicoGK Core Library
      0s    0.0+            26.2.0
      0s    0.0+            2026-08-09 18:34:42 picogk.26.2
      0s    0.0+ 
      0s    0.0+ VoxelSize: 1 (mm)
      0s    0.0+ Happy Computational Engineering!
      0s    0.0+ 
      0s    0.0+ 
      0s    0.2+ OpenGL: 4.1 Metal - 90.5 / Apple M2 Pro / Apple
      0s    0.0+ Loading lights embedded environment
      0s    0.0+ Starting tasks.
      0s    0.0+ 
      0s    0.0+ Starting Task.
      0s    0.0+ Loading Lights
      7s    6.7+ STL Export: <tmp>/picogk-native-heatx-sweep/HelixHeatX.STL exported.
      7s    0.0+ Finished Task successfully.
      7s    0.0+ Viewer Window Closed
Disposing Library
Done Disposing Library
      7s    0.0+ 
      7s    0.0+ ----------------------------------------
      7s    0.0+ 
      7s    0.0+ Closing log file.
      7s    0.0+ Current time (UTC): 2026-08-09 07:52:06 (UTC)
      7s    0.0+ Current local time: 2026-08-09 19:52:06 (+12:00)
      7s    0.0+ Done.
voxel=1mm run=1 task=6.7s process=7.1s stl=93722084
[19:52:06]   ok in 8s 
[19:52:17] pass 1/5  voxel 0.9mm  (host 16.8% busy)
      0s    0.0+ Opened <tmp>//picogk-native-heatx-sweep/PicoGK.log
      0s    0.0+ 
      0s    0.0+ ----------------------------------------
      0s    0.0+ 
      0s    0.0+ Current time (UTC): 2026-08-09 07:52:17 (UTC)
      0s    0.0+ Current local time: 2026-08-09 19:52:17 (+12:00)
      0s    0.0+ 
      0s    0.0+ ----------------------------------------
      0s    0.0+ 
      0s    0.0+ System Info:
      0s    0.0+ 
      0s    0.0+ Machine Name:         root
      0s    0.0+ Operating System      Darwin 25.5.0 Darwin Kernel Version 25.5.0: Tue Jun  9 22:28:24 PDT 2026; root:xnu-12377.121.10~1/RELEASE_ARM64_T6020
      0s    0.0+ Version:              Unix 26.5.2
      0s    0.0+ OS Architecture:      Arm64
      0s    0.0+ Proc Architecture:    Arm64
      0s    0.0+ 64 Bit OS:            Yes
      0s    0.0+ 64 Bit Process:       Yes
      0s    0.0+ Processor Count:      12
      0s    0.0+ Working Set:          44MB
      0s    0.0+ C# Framework:         .NET 9.0.16
      0s    0.0+ C# CLR Version:       9.0.16
      0s    0.0+ PicoGK Path:          picogk.26.2
      0s    0.0+ Command Line:         <repo>/bench/native-heatx/bin/Release/net9.0/NativeHeatX.dll --voxel 0.9 --run 1 --out <repo>/bench/native-heatx/../results/native/native-heatx-best-2026-08-09.jsonl --work <tmp>//picogk-native-heatx-sweep
      0s    0.0+ 
      0s    0.0+ ----------------------------------------
      0s    0.0+ 
      0s    0.0+ PicoGK:    PicoGK Core Library
      0s    0.0+            26.2.0
      0s    0.0+            2026-08-09 18:34:42 picogk.26.2
      0s    0.0+ 
      0s    0.0+ VoxelSize: 0.9 (mm)
      0s    0.0+ Happy Computational Engineering!
      0s    0.0+ 
      0s    0.0+ 
      0s    0.3+ OpenGL: 4.1 Metal - 90.5 / Apple M2 Pro / Apple
      0s    0.0+ Loading lights embedded environment
      0s    0.0+ Starting tasks.
      0s    0.0+ 
      0s    0.0+ Starting Task.
      0s    0.0+ Loading Lights
      8s    7.7+ STL Export: <tmp>/picogk-native-heatx-sweep/HelixHeatX.STL exported.
      8s    0.0+ Finished Task successfully.
      8s    0.0+ Viewer Window Closed
Disposing Library
Done Disposing Library
      8s    0.0+ 
      8s    0.0+ ----------------------------------------
      8s    0.0+ 
      8s    0.0+ Closing log file.
      8s    0.0+ Current time (UTC): 2026-08-09 07:52:26 (UTC)
      8s    0.0+ Current local time: 2026-08-09 19:52:26 (+12:00)
      8s    0.0+ Done.
voxel=0.9mm run=1 task=7.7s process=8.2s stl=122184684
[19:52:26]   ok in 9s 
[19:52:37] pass 1/5  voxel 0.8mm  (host 10.3% busy)
      0s    0.0+ Opened <tmp>//picogk-native-heatx-sweep/PicoGK.log
      0s    0.0+ 
      0s    0.0+ ----------------------------------------
      0s    0.0+ 
      0s    0.0+ Current time (UTC): 2026-08-09 07:52:37 (UTC)
      0s    0.0+ Current local time: 2026-08-09 19:52:37 (+12:00)
      0s    0.0+ 
      0s    0.0+ ----------------------------------------
      0s    0.0+ 
      0s    0.0+ System Info:
      0s    0.0+ 
      0s    0.0+ Machine Name:         root
      0s    0.0+ Operating System      Darwin 25.5.0 Darwin Kernel Version 25.5.0: Tue Jun  9 22:28:24 PDT 2026; root:xnu-12377.121.10~1/RELEASE_ARM64_T6020
      0s    0.0+ Version:              Unix 26.5.2
      0s    0.0+ OS Architecture:      Arm64
      0s    0.0+ Proc Architecture:    Arm64
      0s    0.0+ 64 Bit OS:            Yes
      0s    0.0+ 64 Bit Process:       Yes
      0s    0.0+ Processor Count:      12
      0s    0.0+ Working Set:          44MB
      0s    0.0+ C# Framework:         .NET 9.0.16
      0s    0.0+ C# CLR Version:       9.0.16
      0s    0.0+ PicoGK Path:          picogk.26.2
      0s    0.0+ Command Line:         <repo>/bench/native-heatx/bin/Release/net9.0/NativeHeatX.dll --voxel 0.8 --run 1 --out <repo>/bench/native-heatx/../results/native/native-heatx-best-2026-08-09.jsonl --work <tmp>//picogk-native-heatx-sweep
      0s    0.0+ 
      0s    0.0+ ----------------------------------------
      0s    0.0+ 
      0s    0.0+ PicoGK:    PicoGK Core Library
      0s    0.0+            26.2.0
      0s    0.0+            2026-08-09 18:34:42 picogk.26.2
      0s    0.0+ 
      0s    0.0+ VoxelSize: 0.8 (mm)
      0s    0.0+ Happy Computational Engineering!
      0s    0.0+ 
      0s    0.0+ 
      0s    0.1+ OpenGL: 4.1 Metal - 90.5 / Apple M2 Pro / Apple
      0s    0.0+ Loading lights embedded environment
      0s    0.0+ Starting tasks.
      0s    0.0+ 
      0s    0.0+ Starting Task.
      0s    0.0+ Loading Lights
      9s    9.3+ STL Export: <tmp>/picogk-native-heatx-sweep/HelixHeatX.STL exported.
      9s    0.0+ Finished Task successfully.
     10s    0.0+ Viewer Window Closed
Disposing Library
Done Disposing Library
     10s    0.0+ 
     10s    0.0+ ----------------------------------------
     10s    0.0+ 
     10s    0.0+ Closing log file.
     10s    0.0+ Current time (UTC): 2026-08-09 07:52:47 (UTC)
     10s    0.0+ Current local time: 2026-08-09 19:52:47 (+12:00)
     10s    0.0+ Done.
voxel=0.8mm run=1 task=9.3s process=9.5s stl=165299884
[19:52:47]   ok in 10s 
[19:52:59] pass 1/5  voxel 0.7mm  (host 6.6% busy)
      0s    0.0+ Opened <tmp>//picogk-native-heatx-sweep/PicoGK.log
      0s    0.0+ 
      0s    0.0+ ----------------------------------------
      0s    0.0+ 
      0s    0.0+ Current time (UTC): 2026-08-09 07:52:59 (UTC)
      0s    0.0+ Current local time: 2026-08-09 19:52:59 (+12:00)
      0s    0.0+ 
      0s    0.0+ ----------------------------------------
      0s    0.0+ 
      0s    0.0+ System Info:
      0s    0.0+ 
      0s    0.0+ Machine Name:         root
      0s    0.0+ Operating System      Darwin 25.5.0 Darwin Kernel Version 25.5.0: Tue Jun  9 22:28:24 PDT 2026; root:xnu-12377.121.10~1/RELEASE_ARM64_T6020
      0s    0.0+ Version:              Unix 26.5.2
      0s    0.0+ OS Architecture:      Arm64
      0s    0.0+ Proc Architecture:    Arm64
      0s    0.0+ 64 Bit OS:            Yes
      0s    0.0+ 64 Bit Process:       Yes
      0s    0.0+ Processor Count:      12
      0s    0.0+ Working Set:          44MB
      0s    0.0+ C# Framework:         .NET 9.0.16
      0s    0.0+ C# CLR Version:       9.0.16
      0s    0.0+ PicoGK Path:          picogk.26.2
      0s    0.0+ Command Line:         <repo>/bench/native-heatx/bin/Release/net9.0/NativeHeatX.dll --voxel 0.7 --run 1 --out <repo>/bench/native-heatx/../results/native/native-heatx-best-2026-08-09.jsonl --work <tmp>//picogk-native-heatx-sweep
      0s    0.0+ 
      0s    0.0+ ----------------------------------------
      0s    0.0+ 
      0s    0.0+ PicoGK:    PicoGK Core Library
      0s    0.0+            26.2.0
      0s    0.0+            2026-08-09 18:34:42 picogk.26.2
      0s    0.0+ 
      0s    0.0+ VoxelSize: 0.7 (mm)
      0s    0.0+ Happy Computational Engineering!
      0s    0.0+ 
      0s    0.0+ 
      0s    0.1+ OpenGL: 4.1 Metal - 90.5 / Apple M2 Pro / Apple
      0s    0.0+ Loading lights embedded environment
      0s    0.0+ Starting tasks.
      0s    0.0+ 
      0s    0.0+ Starting Task.
      0s    0.0+ Loading Lights
     12s   11.8+ STL Export: <tmp>/picogk-native-heatx-sweep/HelixHeatX.STL exported.
     12s    0.0+ Finished Task successfully.
     12s    0.0+ Viewer Window Closed
Disposing Library
Done Disposing Library
     12s    0.0+ 
     12s    0.0+ ----------------------------------------
     12s    0.0+ 
     12s    0.0+ Closing log file.
     12s    0.0+ Current time (UTC): 2026-08-09 07:53:11 (UTC)
     12s    0.0+ Current local time: 2026-08-09 19:53:11 (+12:00)
     12s    0.0+ Done.
voxel=0.7mm run=1 task=11.8s process=12.0s stl=227361284
[19:53:11]   ok in 12s 
[19:53:22] pass 1/5  voxel 0.6mm  (host 6.2% busy)
      0s    0.0+ Opened <tmp>//picogk-native-heatx-sweep/PicoGK.log
      0s    0.0+ 
      0s    0.0+ ----------------------------------------
      0s    0.0+ 
      0s    0.0+ Current time (UTC): 2026-08-09 07:53:22 (UTC)
      0s    0.0+ Current local time: 2026-08-09 19:53:22 (+12:00)
      0s    0.0+ 
      0s    0.0+ ----------------------------------------
      0s    0.0+ 
      0s    0.0+ System Info:
      0s    0.0+ 
      0s    0.0+ Machine Name:         root
      0s    0.0+ Operating System      Darwin 25.5.0 Darwin Kernel Version 25.5.0: Tue Jun  9 22:28:24 PDT 2026; root:xnu-12377.121.10~1/RELEASE_ARM64_T6020
      0s    0.0+ Version:              Unix 26.5.2
      0s    0.0+ OS Architecture:      Arm64
      0s    0.0+ Proc Architecture:    Arm64
      0s    0.0+ 64 Bit OS:            Yes
      0s    0.0+ 64 Bit Process:       Yes
      0s    0.0+ Processor Count:      12
      0s    0.0+ Working Set:          44MB
      0s    0.0+ C# Framework:         .NET 9.0.16
      0s    0.0+ C# CLR Version:       9.0.16
      0s    0.0+ PicoGK Path:          picogk.26.2
      0s    0.0+ Command Line:         <repo>/bench/native-heatx/bin/Release/net9.0/NativeHeatX.dll --voxel 0.6 --run 1 --out <repo>/bench/native-heatx/../results/native/native-heatx-best-2026-08-09.jsonl --work <tmp>//picogk-native-heatx-sweep
      0s    0.0+ 
      0s    0.0+ ----------------------------------------
      0s    0.0+ 
      0s    0.0+ PicoGK:    PicoGK Core Library
      0s    0.0+            26.2.0
      0s    0.0+            2026-08-09 18:34:42 picogk.26.2
      0s    0.0+ 
      0s    0.0+ VoxelSize: 0.6 (mm)
      0s    0.0+ Happy Computational Engineering!
      0s    0.0+ 
      0s    0.0+ 
      0s    0.1+ OpenGL: 4.1 Metal - 90.5 / Apple M2 Pro / Apple
      0s    0.0+ Loading lights embedded environment
      0s    0.0+ Starting tasks.
      0s    0.0+ 
      0s    0.0+ Starting Task.
      0s    0.0+ Loading Lights
     17s   16.5+ STL Export: <tmp>/picogk-native-heatx-sweep/HelixHeatX.STL exported.
     17s    0.0+ Finished Task successfully.
     17s    0.0+ Viewer Window Closed
Disposing Library
Done Disposing Library
     17s    0.0+ 
     17s    0.0+ ----------------------------------------
     17s    0.0+ 
     17s    0.0+ Closing log file.
     17s    0.0+ Current time (UTC): 2026-08-09 07:53:39 (UTC)
     17s    0.0+ Current local time: 2026-08-09 19:53:39 (+12:00)
     17s    0.0+ Done.
voxel=0.6mm run=1 task=16.5s process=16.7s stl=328300484
[19:53:39]   ok in 17s 
[19:53:51] pass 1/5  voxel 0.5mm  (host 7.2% busy)
      0s    0.0+ Opened <tmp>//picogk-native-heatx-sweep/PicoGK.log
      0s    0.0+ 
      0s    0.0+ ----------------------------------------
      0s    0.0+ 
      0s    0.0+ Current time (UTC): 2026-08-09 07:53:51 (UTC)
      0s    0.0+ Current local time: 2026-08-09 19:53:51 (+12:00)
      0s    0.0+ 
      0s    0.0+ ----------------------------------------
      0s    0.0+ 
      0s    0.0+ System Info:
      0s    0.0+ 
      0s    0.0+ Machine Name:         root
      0s    0.0+ Operating System      Darwin 25.5.0 Darwin Kernel Version 25.5.0: Tue Jun  9 22:28:24 PDT 2026; root:xnu-12377.121.10~1/RELEASE_ARM64_T6020
      0s    0.0+ Version:              Unix 26.5.2
      0s    0.0+ OS Architecture:      Arm64
      0s    0.0+ Proc Architecture:    Arm64
      0s    0.0+ 64 Bit OS:            Yes
      0s    0.0+ 64 Bit Process:       Yes
      0s    0.0+ Processor Count:      12
      0s    0.0+ Working Set:          44MB
      0s    0.0+ C# Framework:         .NET 9.0.16
      0s    0.0+ C# CLR Version:       9.0.16
      0s    0.0+ PicoGK Path:          picogk.26.2
      0s    0.0+ Command Line:         <repo>/bench/native-heatx/bin/Release/net9.0/NativeHeatX.dll --voxel 0.5 --run 1 --out <repo>/bench/native-heatx/../results/native/native-heatx-best-2026-08-09.jsonl --work <tmp>//picogk-native-heatx-sweep
      0s    0.0+ 
      0s    0.0+ ----------------------------------------
      0s    0.0+ 
      0s    0.0+ PicoGK:    PicoGK Core Library
      0s    0.0+            26.2.0
      0s    0.0+            2026-08-09 18:34:42 picogk.26.2
      0s    0.0+ 
      0s    0.0+ VoxelSize: 0.5 (mm)
      0s    0.0+ Happy Computational Engineering!
      0s    0.0+ 
      0s    0.0+ 
      0s    0.1+ OpenGL: 4.1 Metal - 90.5 / Apple M2 Pro / Apple
      0s    0.0+ Loading lights embedded environment
      0s    0.0+ Starting tasks.
      0s    0.0+ 
      0s    0.0+ Starting Task.
      0s    0.0+ Loading Lights
     25s   25.3+ STL Export: <tmp>/picogk-native-heatx-sweep/HelixHeatX.STL exported.
     25s    0.0+ Finished Task successfully.
     25s    0.0+ Viewer Window Closed
Disposing Library
Done Disposing Library
     26s    0.0+ 
     26s    0.0+ ----------------------------------------
     26s    0.0+ 
     26s    0.0+ Closing log file.
     26s    0.0+ Current time (UTC): 2026-08-09 07:54:16 (UTC)
     26s    0.0+ Current local time: 2026-08-09 19:54:16 (+12:00)
     26s    0.0+ Done.
voxel=0.5mm run=1 task=25.3s process=25.5s stl=502874884
[19:54:16]   ok in 25s 
[19:54:28] pass 2/5  voxel 1.0mm  (host 5.4% busy)
      0s    0.0+ Opened <tmp>//picogk-native-heatx-sweep/PicoGK.log
      0s    0.0+ 
      0s    0.0+ ----------------------------------------
      0s    0.0+ 
      0s    0.0+ Current time (UTC): 2026-08-09 07:54:28 (UTC)
      0s    0.0+ Current local time: 2026-08-09 19:54:28 (+12:00)
      0s    0.0+ 
      0s    0.0+ ----------------------------------------
      0s    0.0+ 
      0s    0.0+ System Info:
      0s    0.0+ 
      0s    0.0+ Machine Name:         root
      0s    0.0+ Operating System      Darwin 25.5.0 Darwin Kernel Version 25.5.0: Tue Jun  9 22:28:24 PDT 2026; root:xnu-12377.121.10~1/RELEASE_ARM64_T6020
      0s    0.0+ Version:              Unix 26.5.2
      0s    0.0+ OS Architecture:      Arm64
      0s    0.0+ Proc Architecture:    Arm64
      0s    0.0+ 64 Bit OS:            Yes
      0s    0.0+ 64 Bit Process:       Yes
      0s    0.0+ Processor Count:      12
      0s    0.0+ Working Set:          44MB
      0s    0.0+ C# Framework:         .NET 9.0.16
      0s    0.0+ C# CLR Version:       9.0.16
      0s    0.0+ PicoGK Path:          picogk.26.2
      0s    0.0+ Command Line:         <repo>/bench/native-heatx/bin/Release/net9.0/NativeHeatX.dll --voxel 1.0 --run 2 --out <repo>/bench/native-heatx/../results/native/native-heatx-best-2026-08-09.jsonl --work <tmp>//picogk-native-heatx-sweep
      0s    0.0+ 
      0s    0.0+ ----------------------------------------
      0s    0.0+ 
      0s    0.0+ PicoGK:    PicoGK Core Library
      0s    0.0+            26.2.0
      0s    0.0+            2026-08-09 18:34:42 picogk.26.2
      0s    0.0+ 
      0s    0.0+ VoxelSize: 1 (mm)
      0s    0.0+ Happy Computational Engineering!
      0s    0.0+ 
      0s    0.0+ 
      0s    0.1+ OpenGL: 4.1 Metal - 90.5 / Apple M2 Pro / Apple
      0s    0.0+ Loading lights embedded environment
      0s    0.0+ Starting tasks.
      0s    0.0+ 
      0s    0.0+ Starting Task.
      0s    0.0+ Loading Lights
      6s    6.1+ STL Export: <tmp>/picogk-native-heatx-sweep/HelixHeatX.STL exported.
      6s    0.0+ Finished Task successfully.
      6s    0.0+ Viewer Window Closed
Disposing Library
Done Disposing Library
      6s    0.0+ 
      6s    0.0+ ----------------------------------------
      6s    0.0+ 
      6s    0.0+ Closing log file.
      6s    0.0+ Current time (UTC): 2026-08-09 07:54:34 (UTC)
      6s    0.0+ Current local time: 2026-08-09 19:54:34 (+12:00)
      6s    0.0+ Done.
voxel=1mm run=2 task=6.1s process=6.4s stl=93722084
[19:54:35]   ok in 7s 
[19:54:46] pass 2/5  voxel 0.9mm  (host 22.8% busy)
      0s    0.0+ Opened <tmp>//picogk-native-heatx-sweep/PicoGK.log
      0s    0.0+ 
      0s    0.0+ ----------------------------------------
      0s    0.0+ 
      0s    0.0+ Current time (UTC): 2026-08-09 07:54:46 (UTC)
      0s    0.0+ Current local time: 2026-08-09 19:54:46 (+12:00)
      0s    0.0+ 
      0s    0.0+ ----------------------------------------
      0s    0.0+ 
      0s    0.0+ System Info:
      0s    0.0+ 
      0s    0.0+ Machine Name:         root
      0s    0.0+ Operating System      Darwin 25.5.0 Darwin Kernel Version 25.5.0: Tue Jun  9 22:28:24 PDT 2026; root:xnu-12377.121.10~1/RELEASE_ARM64_T6020
      0s    0.0+ Version:              Unix 26.5.2
      0s    0.0+ OS Architecture:      Arm64
      0s    0.0+ Proc Architecture:    Arm64
      0s    0.0+ 64 Bit OS:            Yes
      0s    0.0+ 64 Bit Process:       Yes
      0s    0.0+ Processor Count:      12
      0s    0.0+ Working Set:          44MB
      0s    0.0+ C# Framework:         .NET 9.0.16
      0s    0.0+ C# CLR Version:       9.0.16
      0s    0.0+ PicoGK Path:          picogk.26.2
      0s    0.0+ Command Line:         <repo>/bench/native-heatx/bin/Release/net9.0/NativeHeatX.dll --voxel 0.9 --run 2 --out <repo>/bench/native-heatx/../results/native/native-heatx-best-2026-08-09.jsonl --work <tmp>//picogk-native-heatx-sweep
      0s    0.0+ 
      0s    0.0+ ----------------------------------------
      0s    0.0+ 
      0s    0.0+ PicoGK:    PicoGK Core Library
      0s    0.0+            26.2.0
      0s    0.0+            2026-08-09 18:34:42 picogk.26.2
      0s    0.0+ 
      0s    0.0+ VoxelSize: 0.9 (mm)
      0s    0.0+ Happy Computational Engineering!
      0s    0.0+ 
      0s    0.0+ 
      0s    0.2+ OpenGL: 4.1 Metal - 90.5 / Apple M2 Pro / Apple
      0s    0.0+ Loading lights embedded environment
      0s    0.0+ Starting tasks.
      0s    0.0+ 
      0s    0.0+ Starting Task.
      0s    0.0+ Loading Lights
      9s    8.6+ STL Export: <tmp>/picogk-native-heatx-sweep/HelixHeatX.STL exported.
      9s    0.0+ Finished Task successfully.
      9s    0.0+ Viewer Window Closed
Disposing Library
Done Disposing Library
      9s    0.0+ 
      9s    0.0+ ----------------------------------------
      9s    0.0+ 
      9s    0.0+ Closing log file.
      9s    0.0+ Current time (UTC): 2026-08-09 07:54:55 (UTC)
      9s    0.0+ Current local time: 2026-08-09 19:54:55 (+12:00)
      9s    0.0+ Done.
voxel=0.9mm run=2 task=8.6s process=8.8s stl=122184684
[19:54:55]   ok in 9s 
[19:55:07] pass 2/5  voxel 0.8mm  (host 22.6% busy)
      0s    0.0+ Opened <tmp>//picogk-native-heatx-sweep/PicoGK.log
      0s    0.0+ 
      0s    0.0+ ----------------------------------------
      0s    0.0+ 
      0s    0.0+ Current time (UTC): 2026-08-09 07:55:07 (UTC)
      0s    0.0+ Current local time: 2026-08-09 19:55:07 (+12:00)
      0s    0.0+ 
      0s    0.0+ ----------------------------------------
      0s    0.0+ 
      0s    0.0+ System Info:
      0s    0.0+ 
      0s    0.0+ Machine Name:         root
      0s    0.0+ Operating System      Darwin 25.5.0 Darwin Kernel Version 25.5.0: Tue Jun  9 22:28:24 PDT 2026; root:xnu-12377.121.10~1/RELEASE_ARM64_T6020
      0s    0.0+ Version:              Unix 26.5.2
      0s    0.0+ OS Architecture:      Arm64
      0s    0.0+ Proc Architecture:    Arm64
      0s    0.0+ 64 Bit OS:            Yes
      0s    0.0+ 64 Bit Process:       Yes
      0s    0.0+ Processor Count:      12
      0s    0.0+ Working Set:          44MB
      0s    0.0+ C# Framework:         .NET 9.0.16
      0s    0.0+ C# CLR Version:       9.0.16
      0s    0.0+ PicoGK Path:          picogk.26.2
      0s    0.0+ Command Line:         <repo>/bench/native-heatx/bin/Release/net9.0/NativeHeatX.dll --voxel 0.8 --run 2 --out <repo>/bench/native-heatx/../results/native/native-heatx-best-2026-08-09.jsonl --work <tmp>//picogk-native-heatx-sweep
      0s    0.0+ 
      0s    0.0+ ----------------------------------------
      0s    0.0+ 
      0s    0.0+ PicoGK:    PicoGK Core Library
      0s    0.0+            26.2.0
      0s    0.0+            2026-08-09 18:34:42 picogk.26.2
      0s    0.0+ 
      0s    0.0+ VoxelSize: 0.8 (mm)
      0s    0.0+ Happy Computational Engineering!
      0s    0.0+ 
      0s    0.0+ 
      0s    0.3+ OpenGL: 4.1 Metal - 90.5 / Apple M2 Pro / Apple
      0s    0.0+ Loading lights embedded environment
      0s    0.0+ Starting tasks.
      0s    0.0+ 
      0s    0.0+ Starting Task.
      0s    0.0+ Loading Lights
     10s   10.0+ STL Export: <tmp>/picogk-native-heatx-sweep/HelixHeatX.STL exported.
     10s    0.0+ Finished Task successfully.
     10s    0.0+ Viewer Window Closed
Disposing Library
Done Disposing Library
     10s    0.0+ 
     10s    0.0+ ----------------------------------------
     10s    0.0+ 
     10s    0.0+ Closing log file.
     10s    0.0+ Current time (UTC): 2026-08-09 07:55:17 (UTC)
     10s    0.0+ Current local time: 2026-08-09 19:55:17 (+12:00)
     10s    0.0+ Done.
voxel=0.8mm run=2 task=10.0s process=10.4s stl=165299884
[19:55:17]   ok in 10s 
[19:55:29] pass 2/5  voxel 0.7mm  (host 19.6% busy)
      0s    0.0+ Opened <tmp>//picogk-native-heatx-sweep/PicoGK.log
      0s    0.0+ 
      0s    0.0+ ----------------------------------------
      0s    0.0+ 
      0s    0.0+ Current time (UTC): 2026-08-09 07:55:29 (UTC)
      0s    0.0+ Current local time: 2026-08-09 19:55:29 (+12:00)
      0s    0.0+ 
      0s    0.0+ ----------------------------------------
      0s    0.0+ 
      0s    0.0+ System Info:
      0s    0.0+ 
      0s    0.0+ Machine Name:         root
      0s    0.0+ Operating System      Darwin 25.5.0 Darwin Kernel Version 25.5.0: Tue Jun  9 22:28:24 PDT 2026; root:xnu-12377.121.10~1/RELEASE_ARM64_T6020
      0s    0.0+ Version:              Unix 26.5.2
      0s    0.0+ OS Architecture:      Arm64
      0s    0.0+ Proc Architecture:    Arm64
      0s    0.0+ 64 Bit OS:            Yes
      0s    0.0+ 64 Bit Process:       Yes
      0s    0.0+ Processor Count:      12
      0s    0.0+ Working Set:          44MB
      0s    0.0+ C# Framework:         .NET 9.0.16
      0s    0.0+ C# CLR Version:       9.0.16
      0s    0.0+ PicoGK Path:          picogk.26.2
      0s    0.0+ Command Line:         <repo>/bench/native-heatx/bin/Release/net9.0/NativeHeatX.dll --voxel 0.7 --run 2 --out <repo>/bench/native-heatx/../results/native/native-heatx-best-2026-08-09.jsonl --work <tmp>//picogk-native-heatx-sweep
      0s    0.0+ 
      0s    0.0+ ----------------------------------------
      0s    0.0+ 
      0s    0.0+ PicoGK:    PicoGK Core Library
      0s    0.0+            26.2.0
      0s    0.0+            2026-08-09 18:34:42 picogk.26.2
      0s    0.0+ 
      0s    0.0+ VoxelSize: 0.7 (mm)
      0s    0.0+ Happy Computational Engineering!
      0s    0.0+ 
      0s    0.0+ 
      0s    0.2+ OpenGL: 4.1 Metal - 90.5 / Apple M2 Pro / Apple
      0s    0.0+ Loading lights embedded environment
      0s    0.0+ Starting tasks.
      0s    0.0+ 
      0s    0.0+ Starting Task.
      0s    0.0+ Loading Lights
     14s   14.3+ STL Export: <tmp>/picogk-native-heatx-sweep/HelixHeatX.STL exported.
     14s    0.0+ Finished Task successfully.
     14s    0.0+ Viewer Window Closed
Disposing Library
Done Disposing Library
     15s    0.0+ 
     15s    0.0+ ----------------------------------------
     15s    0.0+ 
     15s    0.0+ Closing log file.
     15s    0.0+ Current time (UTC): 2026-08-09 07:55:43 (UTC)
     15s    0.0+ Current local time: 2026-08-09 19:55:43 (+12:00)
     15s    0.0+ Done.
voxel=0.7mm run=2 task=14.3s process=14.5s stl=227361284
[19:55:43]   ok in 14s 
[19:55:55] pass 2/5  voxel 0.6mm  (host 15.9% busy)
      0s    0.0+ Opened <tmp>//picogk-native-heatx-sweep/PicoGK.log
      0s    0.0+ 
      0s    0.0+ ----------------------------------------
      0s    0.0+ 
      0s    0.0+ Current time (UTC): 2026-08-09 07:55:55 (UTC)
      0s    0.0+ Current local time: 2026-08-09 19:55:55 (+12:00)
      0s    0.0+ 
      0s    0.0+ ----------------------------------------
      0s    0.0+ 
      0s    0.0+ System Info:
      0s    0.0+ 
      0s    0.0+ Machine Name:         root
      0s    0.0+ Operating System      Darwin 25.5.0 Darwin Kernel Version 25.5.0: Tue Jun  9 22:28:24 PDT 2026; root:xnu-12377.121.10~1/RELEASE_ARM64_T6020
      0s    0.0+ Version:              Unix 26.5.2
      0s    0.0+ OS Architecture:      Arm64
      0s    0.0+ Proc Architecture:    Arm64
      0s    0.0+ 64 Bit OS:            Yes
      0s    0.0+ 64 Bit Process:       Yes
      0s    0.0+ Processor Count:      12
      0s    0.0+ Working Set:          44MB
      0s    0.0+ C# Framework:         .NET 9.0.16
      0s    0.0+ C# CLR Version:       9.0.16
      0s    0.0+ PicoGK Path:          picogk.26.2
      0s    0.0+ Command Line:         <repo>/bench/native-heatx/bin/Release/net9.0/NativeHeatX.dll --voxel 0.6 --run 2 --out <repo>/bench/native-heatx/../results/native/native-heatx-best-2026-08-09.jsonl --work <tmp>//picogk-native-heatx-sweep
      0s    0.0+ 
      0s    0.0+ ----------------------------------------
      0s    0.0+ 
      0s    0.0+ PicoGK:    PicoGK Core Library
      0s    0.0+            26.2.0
      0s    0.0+            2026-08-09 18:34:42 picogk.26.2
      0s    0.0+ 
      0s    0.0+ VoxelSize: 0.6 (mm)
      0s    0.0+ Happy Computational Engineering!
      0s    0.0+ 
      0s    0.0+ 
      0s    0.2+ OpenGL: 4.1 Metal - 90.5 / Apple M2 Pro / Apple
      0s    0.0+ Loading lights embedded environment
      0s    0.0+ Starting tasks.
      0s    0.0+ 
      0s    0.0+ Starting Task.
      0s    0.0+ Loading Lights
     18s   17.9+ STL Export: <tmp>/picogk-native-heatx-sweep/HelixHeatX.STL exported.
     18s    0.0+ Finished Task successfully.
     18s    0.0+ Viewer Window Closed
Disposing Library
Done Disposing Library
     18s    0.0+ 
     18s    0.0+ ----------------------------------------
     18s    0.0+ 
     18s    0.0+ Closing log file.
     18s    0.0+ Current time (UTC): 2026-08-09 07:56:13 (UTC)
     18s    0.0+ Current local time: 2026-08-09 19:56:13 (+12:00)
     18s    0.0+ Done.
voxel=0.6mm run=2 task=17.9s process=18.1s stl=328300484
[19:56:13]   ok in 18s 
[19:56:25] pass 2/5  voxel 0.5mm  (host 12.5% busy)
      0s    0.0+ Opened <tmp>//picogk-native-heatx-sweep/PicoGK.log
      0s    0.0+ 
      0s    0.0+ ----------------------------------------
      0s    0.0+ 
      0s    0.0+ Current time (UTC): 2026-08-09 07:56:25 (UTC)
      0s    0.0+ Current local time: 2026-08-09 19:56:25 (+12:00)
      0s    0.0+ 
      0s    0.0+ ----------------------------------------
      0s    0.0+ 
      0s    0.0+ System Info:
      0s    0.0+ 
      0s    0.0+ Machine Name:         root
      0s    0.0+ Operating System      Darwin 25.5.0 Darwin Kernel Version 25.5.0: Tue Jun  9 22:28:24 PDT 2026; root:xnu-12377.121.10~1/RELEASE_ARM64_T6020
      0s    0.0+ Version:              Unix 26.5.2
      0s    0.0+ OS Architecture:      Arm64
      0s    0.0+ Proc Architecture:    Arm64
      0s    0.0+ 64 Bit OS:            Yes
      0s    0.0+ 64 Bit Process:       Yes
      0s    0.0+ Processor Count:      12
      0s    0.0+ Working Set:          44MB
      0s    0.0+ C# Framework:         .NET 9.0.16
      0s    0.0+ C# CLR Version:       9.0.16
      0s    0.0+ PicoGK Path:          picogk.26.2
      0s    0.0+ Command Line:         <repo>/bench/native-heatx/bin/Release/net9.0/NativeHeatX.dll --voxel 0.5 --run 2 --out <repo>/bench/native-heatx/../results/native/native-heatx-best-2026-08-09.jsonl --work <tmp>//picogk-native-heatx-sweep
      0s    0.0+ 
      0s    0.0+ ----------------------------------------
      0s    0.0+ 
      0s    0.0+ PicoGK:    PicoGK Core Library
      0s    0.0+            26.2.0
      0s    0.0+            2026-08-09 18:34:42 picogk.26.2
      0s    0.0+ 
      0s    0.0+ VoxelSize: 0.5 (mm)
      0s    0.0+ Happy Computational Engineering!
      0s    0.0+ 
      0s    0.0+ 
      0s    0.2+ OpenGL: 4.1 Metal - 90.5 / Apple M2 Pro / Apple
      0s    0.0+ Loading lights embedded environment
      0s    0.0+ Starting tasks.
      0s    0.0+ 
      0s    0.0+ Starting Task.
      0s    0.0+ Loading Lights
     28s   27.4+ STL Export: <tmp>/picogk-native-heatx-sweep/HelixHeatX.STL exported.
     28s    0.0+ Finished Task successfully.
     28s    0.0+ Viewer Window Closed
Disposing Library
Done Disposing Library
     28s    0.1+ 
     28s    0.1+ ----------------------------------------
     28s    0.1+ 
     28s    0.0+ Closing log file.
     28s    0.0+ Current time (UTC): 2026-08-09 07:56:53 (UTC)
     28s    0.0+ Current local time: 2026-08-09 19:56:53 (+12:00)
     28s    0.0+ Done.
voxel=0.5mm run=2 task=27.4s process=27.7s stl=502874884
[19:56:53]   ok in 28s 
[19:57:05]   waiting for idle: 26.4% busy (limit 25.0%)
[19:57:21] pass 3/5  voxel 1.0mm  (host [19:57:05]   waiting for idle: 26.4% busy (limit 25.0%)
14.4% busy)
      0s    0.0+ Opened <tmp>//picogk-native-heatx-sweep/PicoGK.log
      0s    0.0+ 
      0s    0.0+ ----------------------------------------
      0s    0.0+ 
      0s    0.0+ Current time (UTC): 2026-08-09 07:57:21 (UTC)
      0s    0.0+ Current local time: 2026-08-09 19:57:21 (+12:00)
      0s    0.0+ 
      0s    0.0+ ----------------------------------------
      0s    0.0+ 
      0s    0.0+ System Info:
      0s    0.0+ 
      0s    0.0+ Machine Name:         root
      0s    0.0+ Operating System      Darwin 25.5.0 Darwin Kernel Version 25.5.0: Tue Jun  9 22:28:24 PDT 2026; root:xnu-12377.121.10~1/RELEASE_ARM64_T6020
      0s    0.0+ Version:              Unix 26.5.2
      0s    0.0+ OS Architecture:      Arm64
      0s    0.0+ Proc Architecture:    Arm64
      0s    0.0+ 64 Bit OS:            Yes
      0s    0.0+ 64 Bit Process:       Yes
      0s    0.0+ Processor Count:      12
      0s    0.0+ Working Set:          44MB
      0s    0.0+ C# Framework:         .NET 9.0.16
      0s    0.0+ C# CLR Version:       9.0.16
      0s    0.0+ PicoGK Path:          picogk.26.2
      0s    0.0+ Command Line:         <repo>/bench/native-heatx/bin/Release/net9.0/NativeHeatX.dll --voxel 1.0 --run 3 --out <repo>/bench/native-heatx/../results/native/native-heatx-best-2026-08-09.jsonl --work <tmp>//picogk-native-heatx-sweep
      0s    0.0+ 
      0s    0.0+ ----------------------------------------
      0s    0.0+ 
      0s    0.0+ PicoGK:    PicoGK Core Library
      0s    0.0+            26.2.0
      0s    0.0+            2026-08-09 18:34:42 picogk.26.2
      0s    0.0+ 
      0s    0.0+ VoxelSize: 1 (mm)
      0s    0.0+ Happy Computational Engineering!
      0s    0.0+ 
      0s    0.0+ 
      0s    0.2+ OpenGL: 4.1 Metal - 90.5 / Apple M2 Pro / Apple
      0s    0.0+ Loading lights embedded environment
      0s    0.0+ Starting tasks.
      0s    0.0+ 
      0s    0.0+ Starting Task.
      0s    0.0+ Loading Lights
      7s    6.7+ STL Export: <tmp>/picogk-native-heatx-sweep/HelixHeatX.STL exported.
      7s    0.0+ Finished Task successfully.
      7s    0.0+ Viewer Window Closed
Disposing Library
Done Disposing Library
      7s    0.0+ 
      7s    0.0+ ----------------------------------------
      7s    0.0+ 
      7s    0.0+ Closing log file.
      7s    0.0+ Current time (UTC): 2026-08-09 07:57:28 (UTC)
      7s    0.0+ Current local time: 2026-08-09 19:57:28 (+12:00)
      7s    0.0+ Done.
voxel=1mm run=3 task=6.7s process=6.9s stl=93722084
[19:57:28]   ok in 7s 
[19:57:40] pass 3/5  voxel 0.9mm  (host 19.7% busy)
      0s    0.0+ Opened <tmp>//picogk-native-heatx-sweep/PicoGK.log
      0s    0.0+ 
      0s    0.0+ ----------------------------------------
      0s    0.0+ 
      0s    0.0+ Current time (UTC): 2026-08-09 07:57:40 (UTC)
      0s    0.0+ Current local time: 2026-08-09 19:57:40 (+12:00)
      0s    0.0+ 
      0s    0.0+ ----------------------------------------
      0s    0.0+ 
      0s    0.0+ System Info:
      0s    0.0+ 
      0s    0.0+ Machine Name:         root
      0s    0.0+ Operating System      Darwin 25.5.0 Darwin Kernel Version 25.5.0: Tue Jun  9 22:28:24 PDT 2026; root:xnu-12377.121.10~1/RELEASE_ARM64_T6020
      0s    0.0+ Version:              Unix 26.5.2
      0s    0.0+ OS Architecture:      Arm64
      0s    0.0+ Proc Architecture:    Arm64
      0s    0.0+ 64 Bit OS:            Yes
      0s    0.0+ 64 Bit Process:       Yes
      0s    0.0+ Processor Count:      12
      0s    0.0+ Working Set:          44MB
      0s    0.0+ C# Framework:         .NET 9.0.16
      0s    0.0+ C# CLR Version:       9.0.16
      0s    0.0+ PicoGK Path:          picogk.26.2
      0s    0.0+ Command Line:         <repo>/bench/native-heatx/bin/Release/net9.0/NativeHeatX.dll --voxel 0.9 --run 3 --out <repo>/bench/native-heatx/../results/native/native-heatx-best-2026-08-09.jsonl --work <tmp>//picogk-native-heatx-sweep
      0s    0.0+ 
      0s    0.0+ ----------------------------------------
      0s    0.0+ 
      0s    0.0+ PicoGK:    PicoGK Core Library
      0s    0.0+            26.2.0
      0s    0.0+            2026-08-09 18:34:42 picogk.26.2
      0s    0.0+ 
      0s    0.0+ VoxelSize: 0.9 (mm)
      0s    0.0+ Happy Computational Engineering!
      0s    0.0+ 
      0s    0.0+ 
      0s    0.2+ OpenGL: 4.1 Metal - 90.5 / Apple M2 Pro / Apple
      0s    0.0+ Loading lights embedded environment
      0s    0.0+ Starting tasks.
      0s    0.0+ 
      0s    0.0+ Starting Task.
      0s    0.0+ Loading Lights
      9s    8.3+ STL Export: <tmp>/picogk-native-heatx-sweep/HelixHeatX.STL exported.
      9s    0.0+ Finished Task successfully.
      9s    0.0+ Viewer Window Closed
Disposing Library
Done Disposing Library
      9s    0.0+ 
      9s    0.0+ ----------------------------------------
      9s    0.0+ 
      9s    0.0+ Closing log file.
      9s    0.0+ Current time (UTC): 2026-08-09 07:57:49 (UTC)
      9s    0.0+ Current local time: 2026-08-09 19:57:49 (+12:00)
      9s    0.0+ Done.
voxel=0.9mm run=3 task=8.3s process=8.5s stl=122184684
[19:57:49]   ok in 9s 
[19:58:00]   waiting for idle: 27.2% busy (limit 25.0%)
[19:58:17] pass 3/5  voxel 0.8mm  (host [19:58:00]   waiting for idle: 27.2% busy (limit 25.0%)
17.7% busy)
      0s    0.0+ Opened <tmp>//picogk-native-heatx-sweep/PicoGK.log
      0s    0.0+ 
      0s    0.0+ ----------------------------------------
      0s    0.0+ 
      0s    0.0+ Current time (UTC): 2026-08-09 07:58:17 (UTC)
      0s    0.0+ Current local time: 2026-08-09 19:58:17 (+12:00)
      0s    0.0+ 
      0s    0.0+ ----------------------------------------
      0s    0.0+ 
      0s    0.0+ System Info:
      0s    0.0+ 
      0s    0.0+ Machine Name:         root
      0s    0.0+ Operating System      Darwin 25.5.0 Darwin Kernel Version 25.5.0: Tue Jun  9 22:28:24 PDT 2026; root:xnu-12377.121.10~1/RELEASE_ARM64_T6020
      0s    0.0+ Version:              Unix 26.5.2
      0s    0.0+ OS Architecture:      Arm64
      0s    0.0+ Proc Architecture:    Arm64
      0s    0.0+ 64 Bit OS:            Yes
      0s    0.0+ 64 Bit Process:       Yes
      0s    0.0+ Processor Count:      12
      0s    0.0+ Working Set:          44MB
      0s    0.0+ C# Framework:         .NET 9.0.16
      0s    0.0+ C# CLR Version:       9.0.16
      0s    0.0+ PicoGK Path:          picogk.26.2
      0s    0.0+ Command Line:         <repo>/bench/native-heatx/bin/Release/net9.0/NativeHeatX.dll --voxel 0.8 --run 3 --out <repo>/bench/native-heatx/../results/native/native-heatx-best-2026-08-09.jsonl --work <tmp>//picogk-native-heatx-sweep
      0s    0.0+ 
      0s    0.0+ ----------------------------------------
      0s    0.0+ 
      0s    0.0+ PicoGK:    PicoGK Core Library
      0s    0.0+            26.2.0
      0s    0.0+            2026-08-09 18:34:42 picogk.26.2
      0s    0.0+ 
      0s    0.0+ VoxelSize: 0.8 (mm)
      0s    0.0+ Happy Computational Engineering!
      0s    0.0+ 
      0s    0.0+ 
      0s    0.2+ OpenGL: 4.1 Metal - 90.5 / Apple M2 Pro / Apple
      0s    0.0+ Loading lights embedded environment
      0s    0.0+ Starting tasks.
      0s    0.0+ 
      0s    0.0+ Starting Task.
      0s    0.0+ Loading Lights
     11s   10.5+ STL Export: <tmp>/picogk-native-heatx-sweep/HelixHeatX.STL exported.
     11s    0.0+ Finished Task successfully.
     11s    0.0+ Viewer Window Closed
Disposing Library
Done Disposing Library
     11s    0.0+ 
     11s    0.0+ ----------------------------------------
     11s    0.0+ 
     11s    0.0+ Closing log file.
     11s    0.0+ Current time (UTC): 2026-08-09 07:58:28 (UTC)
     11s    0.0+ Current local time: 2026-08-09 19:58:28 (+12:00)
     11s    0.0+ Done.
voxel=0.8mm run=3 task=10.5s process=10.8s stl=165299884
[19:58:28]   ok in 11s 
[19:58:39] pass 3/5  voxel 0.7mm  (host 18.8% busy)
      0s    0.0+ Opened <tmp>//picogk-native-heatx-sweep/PicoGK.log
      0s    0.0+ 
      0s    0.0+ ----------------------------------------
      0s    0.0+ 
      0s    0.0+ Current time (UTC): 2026-08-09 07:58:39 (UTC)
      0s    0.0+ Current local time: 2026-08-09 19:58:39 (+12:00)
      0s    0.0+ 
      0s    0.0+ ----------------------------------------
      0s    0.0+ 
      0s    0.0+ System Info:
      0s    0.0+ 
      0s    0.0+ Machine Name:         root
      0s    0.0+ Operating System      Darwin 25.5.0 Darwin Kernel Version 25.5.0: Tue Jun  9 22:28:24 PDT 2026; root:xnu-12377.121.10~1/RELEASE_ARM64_T6020
      0s    0.0+ Version:              Unix 26.5.2
      0s    0.0+ OS Architecture:      Arm64
      0s    0.0+ Proc Architecture:    Arm64
      0s    0.0+ 64 Bit OS:            Yes
      0s    0.0+ 64 Bit Process:       Yes
      0s    0.0+ Processor Count:      12
      0s    0.0+ Working Set:          44MB
      0s    0.0+ C# Framework:         .NET 9.0.16
      0s    0.0+ C# CLR Version:       9.0.16
      0s    0.0+ PicoGK Path:          picogk.26.2
      0s    0.0+ Command Line:         <repo>/bench/native-heatx/bin/Release/net9.0/NativeHeatX.dll --voxel 0.7 --run 3 --out <repo>/bench/native-heatx/../results/native/native-heatx-best-2026-08-09.jsonl --work <tmp>//picogk-native-heatx-sweep
      0s    0.0+ 
      0s    0.0+ ----------------------------------------
      0s    0.0+ 
      0s    0.0+ PicoGK:    PicoGK Core Library
      0s    0.0+            26.2.0
      0s    0.0+            2026-08-09 18:34:42 picogk.26.2
      0s    0.0+ 
      0s    0.0+ VoxelSize: 0.7 (mm)
      0s    0.0+ Happy Computational Engineering!
      0s    0.0+ 
      0s    0.0+ 
      0s    0.2+ OpenGL: 4.1 Metal - 90.5 / Apple M2 Pro / Apple
      0s    0.0+ Loading lights embedded environment
      0s    0.0+ Starting tasks.
      0s    0.0+ 
      0s    0.0+ Starting Task.
      0s    0.0+ Loading Lights
     14s   13.9+ STL Export: <tmp>/picogk-native-heatx-sweep/HelixHeatX.STL exported.
     14s    0.0+ Finished Task successfully.
     14s    0.0+ Viewer Window Closed
Disposing Library
Done Disposing Library
     14s    0.0+ 
     14s    0.0+ ----------------------------------------
     14s    0.0+ 
     14s    0.0+ Closing log file.
     14s    0.0+ Current time (UTC): 2026-08-09 07:58:54 (UTC)
     14s    0.0+ Current local time: 2026-08-09 19:58:54 (+12:00)
     14s    0.0+ Done.
voxel=0.7mm run=3 task=13.9s process=14.3s stl=227361284
[19:58:54]   ok in 15s 
[19:59:05] pass 3/5  voxel 0.6mm  (host 23.2% busy)
      0s    0.0+ Opened <tmp>//picogk-native-heatx-sweep/PicoGK.log
      0s    0.0+ 
      0s    0.0+ ----------------------------------------
      0s    0.0+ 
      0s    0.0+ Current time (UTC): 2026-08-09 07:59:05 (UTC)
      0s    0.0+ Current local time: 2026-08-09 19:59:05 (+12:00)
      0s    0.0+ 
      0s    0.0+ ----------------------------------------
      0s    0.0+ 
      0s    0.0+ System Info:
      0s    0.0+ 
      0s    0.0+ Machine Name:         root
      0s    0.0+ Operating System      Darwin 25.5.0 Darwin Kernel Version 25.5.0: Tue Jun  9 22:28:24 PDT 2026; root:xnu-12377.121.10~1/RELEASE_ARM64_T6020
      0s    0.0+ Version:              Unix 26.5.2
      0s    0.0+ OS Architecture:      Arm64
      0s    0.0+ Proc Architecture:    Arm64
      0s    0.0+ 64 Bit OS:            Yes
      0s    0.0+ 64 Bit Process:       Yes
      0s    0.0+ Processor Count:      12
      0s    0.0+ Working Set:          44MB
      0s    0.0+ C# Framework:         .NET 9.0.16
      0s    0.0+ C# CLR Version:       9.0.16
      0s    0.0+ PicoGK Path:          picogk.26.2
      0s    0.0+ Command Line:         <repo>/bench/native-heatx/bin/Release/net9.0/NativeHeatX.dll --voxel 0.6 --run 3 --out <repo>/bench/native-heatx/../results/native/native-heatx-best-2026-08-09.jsonl --work <tmp>//picogk-native-heatx-sweep
      0s    0.0+ 
      0s    0.0+ ----------------------------------------
      0s    0.0+ 
      0s    0.0+ PicoGK:    PicoGK Core Library
      0s    0.0+            26.2.0
      0s    0.0+            2026-08-09 18:34:42 picogk.26.2
      0s    0.0+ 
      0s    0.0+ VoxelSize: 0.6 (mm)
      0s    0.0+ Happy Computational Engineering!
      0s    0.0+ 
      0s    0.0+ 
      0s    0.2+ OpenGL: 4.1 Metal - 90.5 / Apple M2 Pro / Apple
      0s    0.0+ Loading lights embedded environment
      0s    0.0+ Starting tasks.
      0s    0.0+ 
      0s    0.0+ Starting Task.
      0s    0.0+ Loading Lights
     20s   19.2+ STL Export: <tmp>/picogk-native-heatx-sweep/HelixHeatX.STL exported.
     20s    0.0+ Finished Task successfully.
     20s    0.0+ Viewer Window Closed
Disposing Library
Done Disposing Library
     20s    0.0+ 
     20s    0.0+ ----------------------------------------
     20s    0.0+ 
     20s    0.0+ Closing log file.
     20s    0.0+ Current time (UTC): 2026-08-09 07:59:25 (UTC)
     20s    0.0+ Current local time: 2026-08-09 19:59:25 (+12:00)
     20s    0.0+ Done.
voxel=0.6mm run=3 task=19.3s process=19.6s stl=328300484
[19:59:25]   ok in 20s 
[19:59:37] pass 3/5  voxel 0.5mm  (host 18.0% busy)
      0s    0.0+ Opened <tmp>//picogk-native-heatx-sweep/PicoGK.log
      0s    0.0+ 
      0s    0.0+ ----------------------------------------
      0s    0.0+ 
      0s    0.0+ Current time (UTC): 2026-08-09 07:59:37 (UTC)
      0s    0.0+ Current local time: 2026-08-09 19:59:37 (+12:00)
      0s    0.0+ 
      0s    0.0+ ----------------------------------------
      0s    0.0+ 
      0s    0.0+ System Info:
      0s    0.0+ 
      0s    0.0+ Machine Name:         root
      0s    0.0+ Operating System      Darwin 25.5.0 Darwin Kernel Version 25.5.0: Tue Jun  9 22:28:24 PDT 2026; root:xnu-12377.121.10~1/RELEASE_ARM64_T6020
      0s    0.0+ Version:              Unix 26.5.2
      0s    0.0+ OS Architecture:      Arm64
      0s    0.0+ Proc Architecture:    Arm64
      0s    0.0+ 64 Bit OS:            Yes
      0s    0.0+ 64 Bit Process:       Yes
      0s    0.0+ Processor Count:      12
      0s    0.0+ Working Set:          44MB
      0s    0.0+ C# Framework:         .NET 9.0.16
      0s    0.0+ C# CLR Version:       9.0.16
      0s    0.0+ PicoGK Path:          picogk.26.2
      0s    0.0+ Command Line:         <repo>/bench/native-heatx/bin/Release/net9.0/NativeHeatX.dll --voxel 0.5 --run 3 --out <repo>/bench/native-heatx/../results/native/native-heatx-best-2026-08-09.jsonl --work <tmp>//picogk-native-heatx-sweep
      0s    0.0+ 
      0s    0.0+ ----------------------------------------
      0s    0.0+ 
      0s    0.0+ PicoGK:    PicoGK Core Library
      0s    0.0+            26.2.0
      0s    0.0+            2026-08-09 18:34:42 picogk.26.2
      0s    0.0+ 
      0s    0.0+ VoxelSize: 0.5 (mm)
      0s    0.0+ Happy Computational Engineering!
      0s    0.0+ 
      0s    0.0+ 
      0s    0.2+ OpenGL: 4.1 Metal - 90.5 / Apple M2 Pro / Apple
      0s    0.0+ Loading lights embedded environment
      0s    0.0+ Starting tasks.
      0s    0.0+ 
      0s    0.0+ Starting Task.
      0s    0.0+ Loading Lights
     29s   29.1+ STL Export: <tmp>/picogk-native-heatx-sweep/HelixHeatX.STL exported.
     29s    0.0+ Finished Task successfully.
     29s    0.0+ Viewer Window Closed
Disposing Library
Done Disposing Library
     29s    0.1+ 
     29s    0.1+ ----------------------------------------
     29s    0.1+ 
     29s    0.0+ Closing log file.
     29s    0.0+ Current time (UTC): 2026-08-09 08:00:06 (UTC)
     29s    0.0+ Current local time: 2026-08-09 20:00:06 (+12:00)
     29s    0.0+ Done.
voxel=0.5mm run=3 task=29.1s process=29.4s stl=502874884
[20:00:06]   ok in 29s 
[20:00:18] pass 4/5  voxel 1.0mm  (host 17.3% busy)
      0s    0.0+ Opened <tmp>//picogk-native-heatx-sweep/PicoGK.log
      0s    0.0+ 
      0s    0.0+ ----------------------------------------
      0s    0.0+ 
      0s    0.0+ Current time (UTC): 2026-08-09 08:00:18 (UTC)
      0s    0.0+ Current local time: 2026-08-09 20:00:18 (+12:00)
      0s    0.0+ 
      0s    0.0+ ----------------------------------------
      0s    0.0+ 
      0s    0.0+ System Info:
      0s    0.0+ 
      0s    0.0+ Machine Name:         root
      0s    0.0+ Operating System      Darwin 25.5.0 Darwin Kernel Version 25.5.0: Tue Jun  9 22:28:24 PDT 2026; root:xnu-12377.121.10~1/RELEASE_ARM64_T6020
      0s    0.0+ Version:              Unix 26.5.2
      0s    0.0+ OS Architecture:      Arm64
      0s    0.0+ Proc Architecture:    Arm64
      0s    0.0+ 64 Bit OS:            Yes
      0s    0.0+ 64 Bit Process:       Yes
      0s    0.0+ Processor Count:      12
      0s    0.0+ Working Set:          44MB
      0s    0.0+ C# Framework:         .NET 9.0.16
      0s    0.0+ C# CLR Version:       9.0.16
      0s    0.0+ PicoGK Path:          picogk.26.2
      0s    0.0+ Command Line:         <repo>/bench/native-heatx/bin/Release/net9.0/NativeHeatX.dll --voxel 1.0 --run 4 --out <repo>/bench/native-heatx/../results/native/native-heatx-best-2026-08-09.jsonl --work <tmp>//picogk-native-heatx-sweep
      0s    0.0+ 
      0s    0.0+ ----------------------------------------
      0s    0.0+ 
      0s    0.0+ PicoGK:    PicoGK Core Library
      0s    0.0+            26.2.0
      0s    0.0+            2026-08-09 18:34:42 picogk.26.2
      0s    0.0+ 
      0s    0.0+ VoxelSize: 1 (mm)
      0s    0.0+ Happy Computational Engineering!
      0s    0.0+ 
      0s    0.0+ 
      0s    0.3+ OpenGL: 4.1 Metal - 90.5 / Apple M2 Pro / Apple
      0s    0.0+ Loading lights embedded environment
      0s    0.0+ Starting tasks.
      0s    0.0+ 
      0s    0.0+ Starting Task.
      0s    0.0+ Loading Lights
      7s    6.9+ STL Export: <tmp>/picogk-native-heatx-sweep/HelixHeatX.STL exported.
      7s    0.0+ Finished Task successfully.
      7s    0.0+ Viewer Window Closed
Disposing Library
Done Disposing Library
      7s    0.0+ 
      7s    0.0+ ----------------------------------------
      7s    0.0+ 
      7s    0.0+ Closing log file.
      7s    0.0+ Current time (UTC): 2026-08-09 08:00:25 (UTC)
      7s    0.0+ Current local time: 2026-08-09 20:00:25 (+12:00)
      7s    0.0+ Done.
voxel=1mm run=4 task=6.9s process=7.2s stl=93722084
[20:00:25]   ok in 7s 
[20:00:37] pass 4/5  voxel 0.9mm  (host 19.0% busy)
      0s    0.0+ Opened <tmp>//picogk-native-heatx-sweep/PicoGK.log
      0s    0.0+ 
      0s    0.0+ ----------------------------------------
      0s    0.0+ 
      0s    0.0+ Current time (UTC): 2026-08-09 08:00:37 (UTC)
      0s    0.0+ Current local time: 2026-08-09 20:00:37 (+12:00)
      0s    0.0+ 
      0s    0.0+ ----------------------------------------
      0s    0.0+ 
      0s    0.0+ System Info:
      0s    0.0+ 
      0s    0.0+ Machine Name:         root
      0s    0.0+ Operating System      Darwin 25.5.0 Darwin Kernel Version 25.5.0: Tue Jun  9 22:28:24 PDT 2026; root:xnu-12377.121.10~1/RELEASE_ARM64_T6020
      0s    0.0+ Version:              Unix 26.5.2
      0s    0.0+ OS Architecture:      Arm64
      0s    0.0+ Proc Architecture:    Arm64
      0s    0.0+ 64 Bit OS:            Yes
      0s    0.0+ 64 Bit Process:       Yes
      0s    0.0+ Processor Count:      12
      0s    0.0+ Working Set:          44MB
      0s    0.0+ C# Framework:         .NET 9.0.16
      0s    0.0+ C# CLR Version:       9.0.16
      0s    0.0+ PicoGK Path:          picogk.26.2
      0s    0.0+ Command Line:         <repo>/bench/native-heatx/bin/Release/net9.0/NativeHeatX.dll --voxel 0.9 --run 4 --out <repo>/bench/native-heatx/../results/native/native-heatx-best-2026-08-09.jsonl --work <tmp>//picogk-native-heatx-sweep
      0s    0.0+ 
      0s    0.0+ ----------------------------------------
      0s    0.0+ 
      0s    0.0+ PicoGK:    PicoGK Core Library
      0s    0.0+            26.2.0
      0s    0.0+            2026-08-09 18:34:42 picogk.26.2
      0s    0.0+ 
      0s    0.0+ VoxelSize: 0.9 (mm)
      0s    0.0+ Happy Computational Engineering!
      0s    0.0+ 
      0s    0.0+ 
      0s    0.2+ OpenGL: 4.1 Metal - 90.5 / Apple M2 Pro / Apple
      0s    0.0+ Loading lights embedded environment
      0s    0.0+ Starting tasks.
      0s    0.0+ 
      0s    0.0+ Starting Task.
      0s    0.0+ Loading Lights
      8s    8.2+ STL Export: <tmp>/picogk-native-heatx-sweep/HelixHeatX.STL exported.
      8s    0.0+ Finished Task successfully.
      8s    0.0+ Viewer Window Closed
Disposing Library
Done Disposing Library
      8s    0.0+ 
      8s    0.0+ ----------------------------------------
      8s    0.0+ 
      8s    0.0+ Closing log file.
      8s    0.0+ Current time (UTC): 2026-08-09 08:00:45 (UTC)
      8s    0.0+ Current local time: 2026-08-09 20:00:45 (+12:00)
      8s    0.0+ Done.
voxel=0.9mm run=4 task=8.2s process=8.5s stl=122184684
[20:00:45]   ok in 8s 
[20:00:57] pass 4/5  voxel 0.8mm  (host 21.2% busy)
      0s    0.0+ Opened <tmp>//picogk-native-heatx-sweep/PicoGK.log
      0s    0.0+ 
      0s    0.0+ ----------------------------------------
      0s    0.0+ 
      0s    0.0+ Current time (UTC): 2026-08-09 08:00:57 (UTC)
      0s    0.0+ Current local time: 2026-08-09 20:00:57 (+12:00)
      0s    0.0+ 
      0s    0.0+ ----------------------------------------
      0s    0.0+ 
      0s    0.0+ System Info:
      0s    0.0+ 
      0s    0.0+ Machine Name:         root
      0s    0.0+ Operating System      Darwin 25.5.0 Darwin Kernel Version 25.5.0: Tue Jun  9 22:28:24 PDT 2026; root:xnu-12377.121.10~1/RELEASE_ARM64_T6020
      0s    0.0+ Version:              Unix 26.5.2
      0s    0.0+ OS Architecture:      Arm64
      0s    0.0+ Proc Architecture:    Arm64
      0s    0.0+ 64 Bit OS:            Yes
      0s    0.0+ 64 Bit Process:       Yes
      0s    0.0+ Processor Count:      12
      0s    0.0+ Working Set:          44MB
      0s    0.0+ C# Framework:         .NET 9.0.16
      0s    0.0+ C# CLR Version:       9.0.16
      0s    0.0+ PicoGK Path:          picogk.26.2
      0s    0.0+ Command Line:         <repo>/bench/native-heatx/bin/Release/net9.0/NativeHeatX.dll --voxel 0.8 --run 4 --out <repo>/bench/native-heatx/../results/native/native-heatx-best-2026-08-09.jsonl --work <tmp>//picogk-native-heatx-sweep
      0s    0.0+ 
      0s    0.0+ ----------------------------------------
      0s    0.0+ 
      0s    0.0+ PicoGK:    PicoGK Core Library
      0s    0.0+            26.2.0
      0s    0.0+            2026-08-09 18:34:42 picogk.26.2
      0s    0.0+ 
      0s    0.0+ VoxelSize: 0.8 (mm)
      0s    0.0+ Happy Computational Engineering!
      0s    0.0+ 
      0s    0.0+ 
      0s    0.2+ OpenGL: 4.1 Metal - 90.5 / Apple M2 Pro / Apple
      0s    0.0+ Loading lights embedded environment
      0s    0.0+ Starting tasks.
      0s    0.0+ 
      0s    0.0+ Starting Task.
      0s    0.0+ Loading Lights
     10s   10.1+ STL Export: <tmp>/picogk-native-heatx-sweep/HelixHeatX.STL exported.
     10s    0.0+ Finished Task successfully.
     10s    0.0+ Viewer Window Closed
Disposing Library
Done Disposing Library
     10s    0.0+ 
     10s    0.0+ ----------------------------------------
     10s    0.0+ 
     10s    0.0+ Closing log file.
     10s    0.0+ Current time (UTC): 2026-08-09 08:01:08 (UTC)
     10s    0.0+ Current local time: 2026-08-09 20:01:08 (+12:00)
     10s    0.0+ Done.
voxel=0.8mm run=4 task=10.1s process=10.4s stl=165299884
[20:01:08]   ok in 11s 
[20:01:19] pass 4/5  voxel 0.7mm  (host 17.1% busy)
      0s    0.0+ Opened <tmp>//picogk-native-heatx-sweep/PicoGK.log
      0s    0.0+ 
      0s    0.0+ ----------------------------------------
      0s    0.0+ 
      0s    0.0+ Current time (UTC): 2026-08-09 08:01:19 (UTC)
      0s    0.0+ Current local time: 2026-08-09 20:01:19 (+12:00)
      0s    0.0+ 
      0s    0.0+ ----------------------------------------
      0s    0.0+ 
      0s    0.0+ System Info:
      0s    0.0+ 
      0s    0.0+ Machine Name:         root
      0s    0.0+ Operating System      Darwin 25.5.0 Darwin Kernel Version 25.5.0: Tue Jun  9 22:28:24 PDT 2026; root:xnu-12377.121.10~1/RELEASE_ARM64_T6020
      0s    0.0+ Version:              Unix 26.5.2
      0s    0.0+ OS Architecture:      Arm64
      0s    0.0+ Proc Architecture:    Arm64
      0s    0.0+ 64 Bit OS:            Yes
      0s    0.0+ 64 Bit Process:       Yes
      0s    0.0+ Processor Count:      12
      0s    0.0+ Working Set:          44MB
      0s    0.0+ C# Framework:         .NET 9.0.16
      0s    0.0+ C# CLR Version:       9.0.16
      0s    0.0+ PicoGK Path:          picogk.26.2
      0s    0.0+ Command Line:         <repo>/bench/native-heatx/bin/Release/net9.0/NativeHeatX.dll --voxel 0.7 --run 4 --out <repo>/bench/native-heatx/../results/native/native-heatx-best-2026-08-09.jsonl --work <tmp>//picogk-native-heatx-sweep
      0s    0.0+ 
      0s    0.0+ ----------------------------------------
      0s    0.0+ 
      0s    0.0+ PicoGK:    PicoGK Core Library
      0s    0.0+            26.2.0
      0s    0.0+            2026-08-09 18:34:42 picogk.26.2
      0s    0.0+ 
      0s    0.0+ VoxelSize: 0.7 (mm)
      0s    0.0+ Happy Computational Engineering!
      0s    0.0+ 
      0s    0.0+ 
      0s    0.2+ OpenGL: 4.1 Metal - 90.5 / Apple M2 Pro / Apple
      0s    0.0+ Loading lights embedded environment
      0s    0.0+ Starting tasks.
      0s    0.0+ 
      0s    0.0+ Starting Task.
      0s    0.0+ Loading Lights
     13s   13.2+ STL Export: <tmp>/picogk-native-heatx-sweep/HelixHeatX.STL exported.
     13s    0.0+ Finished Task successfully.
     13s    0.0+ Viewer Window Closed
Disposing Library
Done Disposing Library
     13s    0.0+ 
     13s    0.0+ ----------------------------------------
     13s    0.0+ 
     13s    0.0+ Closing log file.
     13s    0.0+ Current time (UTC): 2026-08-09 08:01:33 (UTC)
     13s    0.0+ Current local time: 2026-08-09 20:01:33 (+12:00)
     13s    0.0+ Done.
voxel=0.7mm run=4 task=13.2s process=13.5s stl=227361284
[20:01:33]   ok in 14s 
[20:01:45] pass 4/5  voxel 0.6mm  (host 21.5% busy)
      0s    0.0+ Opened <tmp>//picogk-native-heatx-sweep/PicoGK.log
      0s    0.0+ 
      0s    0.0+ ----------------------------------------
      0s    0.0+ 
      0s    0.0+ Current time (UTC): 2026-08-09 08:01:45 (UTC)
      0s    0.0+ Current local time: 2026-08-09 20:01:45 (+12:00)
      0s    0.0+ 
      0s    0.0+ ----------------------------------------
      0s    0.0+ 
      0s    0.0+ System Info:
      0s    0.0+ 
      0s    0.0+ Machine Name:         root
      0s    0.0+ Operating System      Darwin 25.5.0 Darwin Kernel Version 25.5.0: Tue Jun  9 22:28:24 PDT 2026; root:xnu-12377.121.10~1/RELEASE_ARM64_T6020
      0s    0.0+ Version:              Unix 26.5.2
      0s    0.0+ OS Architecture:      Arm64
      0s    0.0+ Proc Architecture:    Arm64
      0s    0.0+ 64 Bit OS:            Yes
      0s    0.0+ 64 Bit Process:       Yes
      0s    0.0+ Processor Count:      12
      0s    0.0+ Working Set:          44MB
      0s    0.0+ C# Framework:         .NET 9.0.16
      0s    0.0+ C# CLR Version:       9.0.16
      0s    0.0+ PicoGK Path:          picogk.26.2
      0s    0.0+ Command Line:         <repo>/bench/native-heatx/bin/Release/net9.0/NativeHeatX.dll --voxel 0.6 --run 4 --out <repo>/bench/native-heatx/../results/native/native-heatx-best-2026-08-09.jsonl --work <tmp>//picogk-native-heatx-sweep
      0s    0.0+ 
      0s    0.0+ ----------------------------------------
      0s    0.0+ 
      0s    0.0+ PicoGK:    PicoGK Core Library
      0s    0.0+            26.2.0
      0s    0.0+            2026-08-09 18:34:42 picogk.26.2
      0s    0.0+ 
      0s    0.0+ VoxelSize: 0.6 (mm)
      0s    0.0+ Happy Computational Engineering!
      0s    0.0+ 
      0s    0.0+ 
      0s    0.2+ OpenGL: 4.1 Metal - 90.5 / Apple M2 Pro / Apple
      0s    0.0+ Loading lights embedded environment
      0s    0.0+ Starting tasks.
      0s    0.0+ 
      0s    0.0+ Starting Task.
      0s    0.0+ Loading Lights
     19s   18.4+ STL Export: <tmp>/picogk-native-heatx-sweep/HelixHeatX.STL exported.
     19s    0.0+ Finished Task successfully.
     19s    0.0+ Viewer Window Closed
Disposing Library
Done Disposing Library
     19s    0.0+ 
     19s    0.0+ ----------------------------------------
     19s    0.0+ 
     19s    0.0+ Closing log file.
     19s    0.0+ Current time (UTC): 2026-08-09 08:02:03 (UTC)
     19s    0.0+ Current local time: 2026-08-09 20:02:03 (+12:00)
     19s    0.0+ Done.
voxel=0.6mm run=4 task=18.4s process=18.7s stl=328300484
[20:02:03]   ok in 18s 
[20:02:15] pass 4/5  voxel 0.5mm  (host 18.0% busy)
      0s    0.0+ Opened <tmp>//picogk-native-heatx-sweep/PicoGK.log
      0s    0.0+ 
      0s    0.0+ ----------------------------------------
      0s    0.0+ 
      0s    0.0+ Current time (UTC): 2026-08-09 08:02:15 (UTC)
      0s    0.0+ Current local time: 2026-08-09 20:02:15 (+12:00)
      0s    0.0+ 
      0s    0.0+ ----------------------------------------
      0s    0.0+ 
      0s    0.0+ System Info:
      0s    0.0+ 
      0s    0.0+ Machine Name:         root
      0s    0.0+ Operating System      Darwin 25.5.0 Darwin Kernel Version 25.5.0: Tue Jun  9 22:28:24 PDT 2026; root:xnu-12377.121.10~1/RELEASE_ARM64_T6020
      0s    0.0+ Version:              Unix 26.5.2
      0s    0.0+ OS Architecture:      Arm64
      0s    0.0+ Proc Architecture:    Arm64
      0s    0.0+ 64 Bit OS:            Yes
      0s    0.0+ 64 Bit Process:       Yes
      0s    0.0+ Processor Count:      12
      0s    0.0+ Working Set:          44MB
      0s    0.0+ C# Framework:         .NET 9.0.16
      0s    0.0+ C# CLR Version:       9.0.16
      0s    0.0+ PicoGK Path:          picogk.26.2
      0s    0.0+ Command Line:         <repo>/bench/native-heatx/bin/Release/net9.0/NativeHeatX.dll --voxel 0.5 --run 4 --out <repo>/bench/native-heatx/../results/native/native-heatx-best-2026-08-09.jsonl --work <tmp>//picogk-native-heatx-sweep
      0s    0.0+ 
      0s    0.0+ ----------------------------------------
      0s    0.0+ 
      0s    0.0+ PicoGK:    PicoGK Core Library
      0s    0.0+            26.2.0
      0s    0.0+            2026-08-09 18:34:42 picogk.26.2
      0s    0.0+ 
      0s    0.0+ VoxelSize: 0.5 (mm)
      0s    0.0+ Happy Computational Engineering!
      0s    0.0+ 
      0s    0.0+ 
      0s    0.2+ OpenGL: 4.1 Metal - 90.5 / Apple M2 Pro / Apple
      0s    0.0+ Loading lights embedded environment
      0s    0.0+ Starting tasks.
      0s    0.0+ 
      0s    0.0+ Starting Task.
      0s    0.0+ Loading Lights
     27s   26.9+ STL Export: <tmp>/picogk-native-heatx-sweep/HelixHeatX.STL exported.
     27s    0.0+ Finished Task successfully.
     27s    0.0+ Viewer Window Closed
Disposing Library
Done Disposing Library
     27s    0.1+ 
     27s    0.1+ ----------------------------------------
     27s    0.1+ 
     27s    0.0+ Closing log file.
     27s    0.0+ Current time (UTC): 2026-08-09 08:02:42 (UTC)
     27s    0.0+ Current local time: 2026-08-09 20:02:42 (+12:00)
     27s    0.0+ Done.
voxel=0.5mm run=4 task=26.9s process=27.2s stl=502874884
[20:02:42]   ok in 27s 
[20:02:54] pass 5/5  voxel 1.0mm  (host 14.7% busy)
      0s    0.0+ Opened <tmp>//picogk-native-heatx-sweep/PicoGK.log
      0s    0.0+ 
      0s    0.0+ ----------------------------------------
      0s    0.0+ 
      0s    0.0+ Current time (UTC): 2026-08-09 08:02:54 (UTC)
      0s    0.0+ Current local time: 2026-08-09 20:02:54 (+12:00)
      0s    0.0+ 
      0s    0.0+ ----------------------------------------
      0s    0.0+ 
      0s    0.0+ System Info:
      0s    0.0+ 
      0s    0.0+ Machine Name:         root
      0s    0.0+ Operating System      Darwin 25.5.0 Darwin Kernel Version 25.5.0: Tue Jun  9 22:28:24 PDT 2026; root:xnu-12377.121.10~1/RELEASE_ARM64_T6020
      0s    0.0+ Version:              Unix 26.5.2
      0s    0.0+ OS Architecture:      Arm64
      0s    0.0+ Proc Architecture:    Arm64
      0s    0.0+ 64 Bit OS:            Yes
      0s    0.0+ 64 Bit Process:       Yes
      0s    0.0+ Processor Count:      12
      0s    0.0+ Working Set:          44MB
      0s    0.0+ C# Framework:         .NET 9.0.16
      0s    0.0+ C# CLR Version:       9.0.16
      0s    0.0+ PicoGK Path:          picogk.26.2
      0s    0.0+ Command Line:         <repo>/bench/native-heatx/bin/Release/net9.0/NativeHeatX.dll --voxel 1.0 --run 5 --out <repo>/bench/native-heatx/../results/native/native-heatx-best-2026-08-09.jsonl --work <tmp>//picogk-native-heatx-sweep
      0s    0.0+ 
      0s    0.0+ ----------------------------------------
      0s    0.0+ 
      0s    0.0+ PicoGK:    PicoGK Core Library
      0s    0.0+            26.2.0
      0s    0.0+            2026-08-09 18:34:42 picogk.26.2
      0s    0.0+ 
      0s    0.0+ VoxelSize: 1 (mm)
      0s    0.0+ Happy Computational Engineering!
      0s    0.0+ 
      0s    0.0+ 
      0s    0.2+ OpenGL: 4.1 Metal - 90.5 / Apple M2 Pro / Apple
      0s    0.0+ Loading lights embedded environment
      0s    0.0+ Starting tasks.
      0s    0.0+ 
      0s    0.0+ Starting Task.
      0s    0.0+ Loading Lights
      7s    6.4+ STL Export: <tmp>/picogk-native-heatx-sweep/HelixHeatX.STL exported.
      7s    0.0+ Finished Task successfully.
      7s    0.0+ Viewer Window Closed
Disposing Library
Done Disposing Library
      7s    0.0+ 
      7s    0.0+ ----------------------------------------
      7s    0.0+ 
      7s    0.0+ Closing log file.
      7s    0.0+ Current time (UTC): 2026-08-09 08:03:01 (UTC)
      7s    0.0+ Current local time: 2026-08-09 20:03:01 (+12:00)
      7s    0.0+ Done.
voxel=1mm run=5 task=6.4s process=6.7s stl=93722084
[20:03:01]   ok in 7s 
[20:03:12] pass 5/5  voxel 0.9mm  (host 13.9% busy)
      0s    0.0+ Opened <tmp>//picogk-native-heatx-sweep/PicoGK.log
      0s    0.0+ 
      0s    0.0+ ----------------------------------------
      0s    0.0+ 
      0s    0.0+ Current time (UTC): 2026-08-09 08:03:13 (UTC)
      0s    0.0+ Current local time: 2026-08-09 20:03:13 (+12:00)
      0s    0.0+ 
      0s    0.0+ ----------------------------------------
      0s    0.0+ 
      0s    0.0+ System Info:
      0s    0.0+ 
      0s    0.0+ Machine Name:         root
      0s    0.0+ Operating System      Darwin 25.5.0 Darwin Kernel Version 25.5.0: Tue Jun  9 22:28:24 PDT 2026; root:xnu-12377.121.10~1/RELEASE_ARM64_T6020
      0s    0.0+ Version:              Unix 26.5.2
      0s    0.0+ OS Architecture:      Arm64
      0s    0.0+ Proc Architecture:    Arm64
      0s    0.0+ 64 Bit OS:            Yes
      0s    0.0+ 64 Bit Process:       Yes
      0s    0.0+ Processor Count:      12
      0s    0.0+ Working Set:          44MB
      0s    0.0+ C# Framework:         .NET 9.0.16
      0s    0.0+ C# CLR Version:       9.0.16
      0s    0.0+ PicoGK Path:          picogk.26.2
      0s    0.0+ Command Line:         <repo>/bench/native-heatx/bin/Release/net9.0/NativeHeatX.dll --voxel 0.9 --run 5 --out <repo>/bench/native-heatx/../results/native/native-heatx-best-2026-08-09.jsonl --work <tmp>//picogk-native-heatx-sweep
      0s    0.0+ 
      0s    0.0+ ----------------------------------------
      0s    0.0+ 
      0s    0.0+ PicoGK:    PicoGK Core Library
      0s    0.0+            26.2.0
      0s    0.0+            2026-08-09 18:34:42 picogk.26.2
      0s    0.0+ 
      0s    0.0+ VoxelSize: 0.9 (mm)
      0s    0.0+ Happy Computational Engineering!
      0s    0.0+ 
      0s    0.0+ 
      0s    0.2+ OpenGL: 4.1 Metal - 90.5 / Apple M2 Pro / Apple
      0s    0.0+ Loading lights embedded environment
      0s    0.0+ Starting tasks.
      0s    0.0+ 
      0s    0.0+ Starting Task.
      0s    0.0+ Loading Lights
      8s    8.1+ STL Export: <tmp>/picogk-native-heatx-sweep/HelixHeatX.STL exported.
      8s    0.0+ Finished Task successfully.
      8s    0.0+ Viewer Window Closed
Disposing Library
Done Disposing Library
      8s    0.0+ 
      8s    0.0+ ----------------------------------------
      8s    0.0+ 
      8s    0.0+ Closing log file.
      8s    0.0+ Current time (UTC): 2026-08-09 08:03:21 (UTC)
      8s    0.0+ Current local time: 2026-08-09 20:03:21 (+12:00)
      8s    0.0+ Done.
voxel=0.9mm run=5 task=8.1s process=8.3s stl=122184684
[20:03:21]   ok in 9s 
[20:03:33] pass 5/5  voxel 0.8mm  (host 14.3% busy)
      0s    0.0+ Opened <tmp>//picogk-native-heatx-sweep/PicoGK.log
      0s    0.0+ 
      0s    0.0+ ----------------------------------------
      0s    0.0+ 
      0s    0.0+ Current time (UTC): 2026-08-09 08:03:33 (UTC)
      0s    0.0+ Current local time: 2026-08-09 20:03:33 (+12:00)
      0s    0.0+ 
      0s    0.0+ ----------------------------------------
      0s    0.0+ 
      0s    0.0+ System Info:
      0s    0.0+ 
      0s    0.0+ Machine Name:         root
      0s    0.0+ Operating System      Darwin 25.5.0 Darwin Kernel Version 25.5.0: Tue Jun  9 22:28:24 PDT 2026; root:xnu-12377.121.10~1/RELEASE_ARM64_T6020
      0s    0.0+ Version:              Unix 26.5.2
      0s    0.0+ OS Architecture:      Arm64
      0s    0.0+ Proc Architecture:    Arm64
      0s    0.0+ 64 Bit OS:            Yes
      0s    0.0+ 64 Bit Process:       Yes
      0s    0.0+ Processor Count:      12
      0s    0.0+ Working Set:          44MB
      0s    0.0+ C# Framework:         .NET 9.0.16
      0s    0.0+ C# CLR Version:       9.0.16
      0s    0.0+ PicoGK Path:          picogk.26.2
      0s    0.0+ Command Line:         <repo>/bench/native-heatx/bin/Release/net9.0/NativeHeatX.dll --voxel 0.8 --run 5 --out <repo>/bench/native-heatx/../results/native/native-heatx-best-2026-08-09.jsonl --work <tmp>//picogk-native-heatx-sweep
      0s    0.0+ 
      0s    0.0+ ----------------------------------------
      0s    0.0+ 
      0s    0.0+ PicoGK:    PicoGK Core Library
      0s    0.0+            26.2.0
      0s    0.0+            2026-08-09 18:34:42 picogk.26.2
      0s    0.0+ 
      0s    0.0+ VoxelSize: 0.8 (mm)
      0s    0.0+ Happy Computational Engineering!
      0s    0.0+ 
      0s    0.0+ 
      0s    0.2+ OpenGL: 4.1 Metal - 90.5 / Apple M2 Pro / Apple
      0s    0.0+ Loading lights embedded environment
      0s    0.0+ Starting tasks.
      0s    0.0+ 
      0s    0.0+ Starting Task.
      0s    0.0+ Loading Lights
     10s    9.8+ STL Export: <tmp>/picogk-native-heatx-sweep/HelixHeatX.STL exported.
     10s    0.0+ Finished Task successfully.
     10s    0.0+ Viewer Window Closed
Disposing Library
Done Disposing Library
     10s    0.0+ 
     10s    0.0+ ----------------------------------------
     10s    0.0+ 
     10s    0.0+ Closing log file.
     10s    0.0+ Current time (UTC): 2026-08-09 08:03:43 (UTC)
     10s    0.0+ Current local time: 2026-08-09 20:03:43 (+12:00)
     10s    0.0+ Done.
voxel=0.8mm run=5 task=9.8s process=10.1s stl=165299884
[20:03:43]   ok in 10s 
[20:03:54] pass 5/5  voxel 0.7mm  (host 17.5% busy)
      0s    0.0+ Opened <tmp>//picogk-native-heatx-sweep/PicoGK.log
      0s    0.0+ 
      0s    0.0+ ----------------------------------------
      0s    0.0+ 
      0s    0.0+ Current time (UTC): 2026-08-09 08:03:54 (UTC)
      0s    0.0+ Current local time: 2026-08-09 20:03:54 (+12:00)
      0s    0.0+ 
      0s    0.0+ ----------------------------------------
      0s    0.0+ 
      0s    0.0+ System Info:
      0s    0.0+ 
      0s    0.0+ Machine Name:         root
      0s    0.0+ Operating System      Darwin 25.5.0 Darwin Kernel Version 25.5.0: Tue Jun  9 22:28:24 PDT 2026; root:xnu-12377.121.10~1/RELEASE_ARM64_T6020
      0s    0.0+ Version:              Unix 26.5.2
      0s    0.0+ OS Architecture:      Arm64
      0s    0.0+ Proc Architecture:    Arm64
      0s    0.0+ 64 Bit OS:            Yes
      0s    0.0+ 64 Bit Process:       Yes
      0s    0.0+ Processor Count:      12
      0s    0.0+ Working Set:          44MB
      0s    0.0+ C# Framework:         .NET 9.0.16
      0s    0.0+ C# CLR Version:       9.0.16
      0s    0.0+ PicoGK Path:          picogk.26.2
      0s    0.0+ Command Line:         <repo>/bench/native-heatx/bin/Release/net9.0/NativeHeatX.dll --voxel 0.7 --run 5 --out <repo>/bench/native-heatx/../results/native/native-heatx-best-2026-08-09.jsonl --work <tmp>//picogk-native-heatx-sweep
      0s    0.0+ 
      0s    0.0+ ----------------------------------------
      0s    0.0+ 
      0s    0.0+ PicoGK:    PicoGK Core Library
      0s    0.0+            26.2.0
      0s    0.0+            2026-08-09 18:34:42 picogk.26.2
      0s    0.0+ 
      0s    0.0+ VoxelSize: 0.7 (mm)
      0s    0.0+ Happy Computational Engineering!
      0s    0.0+ 
      0s    0.0+ 
      0s    0.2+ OpenGL: 4.1 Metal - 90.5 / Apple M2 Pro / Apple
      0s    0.0+ Loading lights embedded environment
      0s    0.0+ Starting tasks.
      0s    0.0+ 
      0s    0.0+ Starting Task.
      0s    0.0+ Loading Lights
     13s   12.7+ STL Export: <tmp>/picogk-native-heatx-sweep/HelixHeatX.STL exported.
     13s    0.0+ Finished Task successfully.
     13s    0.0+ Viewer Window Closed
Disposing Library
Done Disposing Library
     13s    0.0+ 
     13s    0.0+ ----------------------------------------
     13s    0.0+ 
     13s    0.0+ Closing log file.
     13s    0.0+ Current time (UTC): 2026-08-09 08:04:07 (UTC)
     13s    0.0+ Current local time: 2026-08-09 20:04:07 (+12:00)
     13s    0.0+ Done.
voxel=0.7mm run=5 task=12.7s process=13.0s stl=227361284
[20:04:07]   ok in 13s 
[20:04:19] pass 5/5  voxel 0.6mm  (host 16.5% busy)
      0s    0.0+ Opened <tmp>//picogk-native-heatx-sweep/PicoGK.log
      0s    0.0+ 
      0s    0.0+ ----------------------------------------
      0s    0.0+ 
      0s    0.0+ Current time (UTC): 2026-08-09 08:04:19 (UTC)
      0s    0.0+ Current local time: 2026-08-09 20:04:19 (+12:00)
      0s    0.0+ 
      0s    0.0+ ----------------------------------------
      0s    0.0+ 
      0s    0.0+ System Info:
      0s    0.0+ 
      0s    0.0+ Machine Name:         root
      0s    0.0+ Operating System      Darwin 25.5.0 Darwin Kernel Version 25.5.0: Tue Jun  9 22:28:24 PDT 2026; root:xnu-12377.121.10~1/RELEASE_ARM64_T6020
      0s    0.0+ Version:              Unix 26.5.2
      0s    0.0+ OS Architecture:      Arm64
      0s    0.0+ Proc Architecture:    Arm64
      0s    0.0+ 64 Bit OS:            Yes
      0s    0.0+ 64 Bit Process:       Yes
      0s    0.0+ Processor Count:      12
      0s    0.0+ Working Set:          44MB
      0s    0.0+ C# Framework:         .NET 9.0.16
      0s    0.0+ C# CLR Version:       9.0.16
      0s    0.0+ PicoGK Path:          picogk.26.2
      0s    0.0+ Command Line:         <repo>/bench/native-heatx/bin/Release/net9.0/NativeHeatX.dll --voxel 0.6 --run 5 --out <repo>/bench/native-heatx/../results/native/native-heatx-best-2026-08-09.jsonl --work <tmp>//picogk-native-heatx-sweep
      0s    0.0+ 
      0s    0.0+ ----------------------------------------
      0s    0.0+ 
      0s    0.0+ PicoGK:    PicoGK Core Library
      0s    0.0+            26.2.0
      0s    0.0+            2026-08-09 18:34:42 picogk.26.2
      0s    0.0+ 
      0s    0.0+ VoxelSize: 0.6 (mm)
      0s    0.0+ Happy Computational Engineering!
      0s    0.0+ 
      0s    0.0+ 
      0s    0.2+ OpenGL: 4.1 Metal - 90.5 / Apple M2 Pro / Apple
      0s    0.0+ Loading lights embedded environment
      0s    0.0+ Starting tasks.
      0s    0.0+ 
      0s    0.0+ Starting Task.
      0s    0.0+ Loading Lights
     19s   18.8+ STL Export: <tmp>/picogk-native-heatx-sweep/HelixHeatX.STL exported.
     19s    0.0+ Finished Task successfully.
     19s    0.0+ Viewer Window Closed
Disposing Library
Done Disposing Library
     19s    0.0+ 
     19s    0.0+ ----------------------------------------
     19s    0.0+ 
     19s    0.0+ Closing log file.
     19s    0.0+ Current time (UTC): 2026-08-09 08:04:38 (UTC)
     19s    0.0+ Current local time: 2026-08-09 20:04:38 (+12:00)
     19s    0.0+ Done.
voxel=0.6mm run=5 task=18.8s process=19.0s stl=328300484
[20:04:38]   ok in 19s 
[20:04:50] pass 5/5  voxel 0.5mm  (host 19.3% busy)
      0s    0.0+ Opened <tmp>//picogk-native-heatx-sweep/PicoGK.log
      0s    0.0+ 
      0s    0.0+ ----------------------------------------
      0s    0.0+ 
      0s    0.0+ Current time (UTC): 2026-08-09 08:04:50 (UTC)
      0s    0.0+ Current local time: 2026-08-09 20:04:50 (+12:00)
      0s    0.0+ 
      0s    0.0+ ----------------------------------------
      0s    0.0+ 
      0s    0.0+ System Info:
      0s    0.0+ 
      0s    0.0+ Machine Name:         root
      0s    0.0+ Operating System      Darwin 25.5.0 Darwin Kernel Version 25.5.0: Tue Jun  9 22:28:24 PDT 2026; root:xnu-12377.121.10~1/RELEASE_ARM64_T6020
      0s    0.0+ Version:              Unix 26.5.2
      0s    0.0+ OS Architecture:      Arm64
      0s    0.0+ Proc Architecture:    Arm64
      0s    0.0+ 64 Bit OS:            Yes
      0s    0.0+ 64 Bit Process:       Yes
      0s    0.0+ Processor Count:      12
      0s    0.0+ Working Set:          44MB
      0s    0.0+ C# Framework:         .NET 9.0.16
      0s    0.0+ C# CLR Version:       9.0.16
      0s    0.0+ PicoGK Path:          picogk.26.2
      0s    0.0+ Command Line:         <repo>/bench/native-heatx/bin/Release/net9.0/NativeHeatX.dll --voxel 0.5 --run 5 --out <repo>/bench/native-heatx/../results/native/native-heatx-best-2026-08-09.jsonl --work <tmp>//picogk-native-heatx-sweep
      0s    0.0+ 
      0s    0.0+ ----------------------------------------
      0s    0.0+ 
      0s    0.0+ PicoGK:    PicoGK Core Library
      0s    0.0+            26.2.0
      0s    0.0+            2026-08-09 18:34:42 picogk.26.2
      0s    0.0+ 
      0s    0.0+ VoxelSize: 0.5 (mm)
      0s    0.0+ Happy Computational Engineering!
      0s    0.0+ 
      0s    0.0+ 
      0s    0.2+ OpenGL: 4.1 Metal - 90.5 / Apple M2 Pro / Apple
      0s    0.0+ Loading lights embedded environment
      0s    0.0+ Starting tasks.
      0s    0.0+ 
      0s    0.0+ Starting Task.
      0s    0.0+ Loading Lights
     28s   28.0+ STL Export: <tmp>/picogk-native-heatx-sweep/HelixHeatX.STL exported.
     28s    0.0+ Finished Task successfully.
     28s    0.0+ Viewer Window Closed
Disposing Library
Done Disposing Library
     28s    0.0+ 
     28s    0.0+ ----------------------------------------
     28s    0.0+ 
     28s    0.0+ Closing log file.
     28s    0.0+ Current time (UTC): 2026-08-09 08:05:18 (UTC)
     28s    0.0+ Current local time: 2026-08-09 20:05:18 (+12:00)
     28s    0.0+ Done.
voxel=0.5mm run=5 task=28.0s process=28.3s stl=502874884
[20:05:18]   ok in 28s 
[20:05:28] === sweep complete: 30 records in <repo>/bench/native-heatx/../results/native/native-heatx-best-2026-08-09.jsonl
